sdkmanager: /usr/local/lib/android/sdk/cmdline-tools/latest/bin/sdkmanager
yes: standard output: Broken pipe
platforms;android-37.0
platforms;android-37.1
platforms;android-37.2
platforms;android-37.2-beta1
platforms;android-37.2-beta2
platforms;android-37.2-beta3
installing: platforms;android-37.2
Loading package information...                                                  Loading local repository...                                                     [                                       ] 3% Loading local repository...        [                                       ] 3% Fetch remote repository...         [=                                      ] 3% Fetch remote repository...         [=                                      ] 4% Fetch remote repository...         [=                                      ] 5% Fetch remote repository...         [==                                     ] 5% Fetch remote repository...         [==                                     ] 6% Fetch remote repository...         [==                                     ] 7% Fetch remote repository...         [==                                     ] 7% Computing updates...               [===                                    ] 8% Computing updates...               [===                                    ] 10% Computing updates...              [=======================================] 100% Computing updates...             

android-34
android-34-ext10
android-34-ext11
android-34-ext12
android-34-ext8
android-35
android-35-ext14
android-35-ext15
android-36
android-36-ext18
android-36-ext19
android-36.1
android-37.0
android-37.1
android-37.2
android-37.2-beta1
android-37.2-beta2
android-37.2-beta3
